GPIO_Module.cpp:5:1:GPIOPin::GPIOPin()	0	static
GPIO_Module.cpp:18:6:void GPIOPin::set_peripheral_clock()	0	static
GPIO_Module.cpp:38:6:void GPIOPin::set_mode(PinMode)	8	static
GPIO_Module.cpp:44:6:void GPIOPin::set_pull(PullMode)	8	static
GPIO_Module.cpp:9:1:GPIOPin::GPIOPin(GPIO_TypeDef*, uint16_t, PinMode, PullMode)	16	static
GPIO_Module.cpp:50:6:void GPIOPin::set_af(AlternateFunction)	8	static
GPIO_Module.cpp:57:6:void GPIOPin::set_speed(OutputSpeed)	8	static
GPIO_Module.cpp:63:1:Input::Input()	0	static
GPIO_Module.cpp:67:1:Input::Input(GPIO_TypeDef*, uint16_t, PullMode)	16	static
GPIO_Module.cpp:75:9:uint8_t Input::read()	0	static
GPIO_Module.cpp:79:1:Output::Output()	0	static
GPIO_Module.cpp:83:1:Output::Output(GPIO_TypeDef*, uint16_t, PullMode)	16	static
GPIO_Module.cpp:91:6:void Output::set(PinLevel)	0	static
GPIO_Module.cpp:100:6:void Output::reset()	8	static
GPIO_Module.cpp:105:9:uint8_t Output::read()	0	static
GPIO_Module.cpp:109:1:AFIO::AFIO()	0	static
GPIO_Module.cpp:113:1:AFIO::AFIO(GPIO_TypeDef*, uint16_t, PullMode, AlternateFunction)	16	static
