Test_Module.cpp:5:1:Test::Test()	0	static
Test_Module.cpp:9:1:Display_Test::Display_Test()	16	static
Test_Module.cpp:16:6:void Display_Test::perform()	16	static
Test_Module.cpp:35:1:ADC_Test::ADC_Test()	16	static
Test_Module.cpp:56:6:void ADC_Test::perform()	16	static
Test_Module.cpp:88:1:Menu_Test::Menu_Test()	16	static
Test_Module.cpp:102:6:void Menu_Test::perform()	8	static
Test_Module.cpp:114:1:Pulse_Test::Pulse_Test()	32	static
Test_Module.cpp:144:6:void Pulse_Test::perform()	8	static
Test_Module.cpp:182:1:Initiate_Pulse_Test::Initiate_Pulse_Test()	48	static
Test_Module.cpp:219:6:void Initiate_Pulse_Test::perform()	0	static
Test_Module.cpp:236:1:Statemachine_Test::Statemachine_Test()	48	static
Test_Module.cpp:243:6:void Statemachine_Test::perform()	8	static
stl_tree.h:1907:5:void std::_Rb_tree<_Key, _Val, _KeyOfValue, _Compare, _Alloc>::_M_erase(std::_Rb_tree<_Key, _Val, _KeyOfValue, _Compare, _Alloc>::_Link_type) [with _Key = int; _Val = std::pair<const int, setting*>; _KeyOfValue = std::_Select1st<std::pair<const int, setting*> >; _Compare = std::less<int>; _Alloc = std::allocator<std::pair<const int, setting*> >]	16	static
Test_Module.cpp:97:59:void __tcf_0()	8	static
