u8x8_cad.c:429:13:u8x8_i2c_data_transfer.isra.0	24	dynamic
u8x8_cad.c:89:9:u8x8_cad_SendCmd	8	static
u8x8_cad.c:94:9:u8x8_cad_SendArg	8	static
u8x8_cad.c:99:9:u8x8_cad_SendMultipleArg	24	static
u8x8_cad.c:109:9:u8x8_cad_SendData	8	static
u8x8_cad.c:114:9:u8x8_cad_StartTransfer	8	static
u8x8_cad.c:119:9:u8x8_cad_EndTransfer	8	static
u8x8_cad.c:124:6:u8x8_cad_vsendf	24	static
u8x8_cad.c:142:6:u8x8_SendF	12	static
u8x8_cad.c:160:6:u8x8_cad_SendSequence	24	static
u8x8_cad.c:198:9:u8x8_cad_empty	16	static
u8x8_cad.c:225:9:u8x8_cad_110	24	static
u8x8_cad.c:258:9:u8x8_cad_100	24	static
u8x8_cad.c:290:9:u8x8_cad_001	24	static
u8x8_cad.c:322:9:u8x8_cad_011	24	static
u8x8_cad.c:351:9:u8x8_cad_st7920_spi	32	static
u8x8_cad.c:440:9:u8x8_cad_ssd13xx_i2c	24	static
u8x8_cad.c:527:9:u8x8_cad_ssd13xx_fast_i2c	8	static
u8x8_cad.c:622:9:u8x8_cad_st75256_i2c	24	static
u8x8_cad.c:668:9:u8x8_cad_ld7032_i2c	24	static
u8x8_cad.c:727:9:u8x8_cad_uc16xx_i2c	24	static
